Title: *MOSIS Charge Sharing for 2U CMOS MODELS
Date: Tue Feb  4 04:28:28  1992
Plotname: transient
Flags: real
No. Variables: 9
No. Points: 71      
Command: version 3d2
Variables:
	0	time	time
	1	n1	voltage
	2	in	voltage
	3	n2	voltage
	4	gnd	voltage
	5	vdd	voltage
	6	vin#branch	current
	7	vgnd#branch	current
	8	vdd#branch	current
Values:
0		0.000000000000000e+00
	4.999999999992319e+00
	0.000000000000000e+00
	7.481970152119281e-13
	0.000000000000000e+00
	5.000000000000000e+00
	0.000000000000000e+00
	6.933175057446079e-12
	0.000000000000000e+00
1		1.000000000000000e-13
	5.000046895965514e+00
	5.000000000000000e-02
	1.173224723289154e-05
	0.000000000000000e+00
	5.000000000000000e+00
	-8.162912157908736e-03
	8.162912157914093e-03
	0.000000000000000e+00
2		2.000000000000000e-13
	5.000093791938488e+00
	1.000000000000000e-01
	2.346449377308149e-05
	0.000000000000000e+00
	5.000000000000000e+00
	-8.162912157910311e-03
	8.162912157914093e-03
	0.000000000000000e+00
3		4.000000000000001e-13
	5.000187583882756e+00
	2.000000000000000e-01
	4.692898727303907e-05
	0.000000000000000e+00
	5.000000000000000e+00
	-8.162912157925258e-03
	8.162912157935409e-03
	0.000000000000000e+00
4		8.000000000000001e-13
	5.000375167657333e+00
	4.000000000000000e-01
	9.385800278393754e-05
	0.000000000000000e+00
	5.000000000000000e+00
	-8.162912158333049e-03
	8.162912158329760e-03
	0.000000000000000e+00
5		1.600000000000000e-12
	5.000750159030422e+00
	8.000000000000000e-01
	1.877600560305045e-04
	0.000000000000000e+00
	5.000000000000000e+00
	-8.162911940002711e-03
	8.162911939997741e-03
	0.000000000000000e+00
6		2.352194681367321e-12
	5.001093936484113e+00
	1.176097340683660e+00
	1.179275083493327e-03
	0.000000000000000e+00
	5.000000000000000e+00
	-3.313289672748286e-03
	3.313289672744801e-03
	0.000000000000000e+00
7		3.088641182599376e-12
	5.001401683597444e+00
	1.544320591299688e+00
	2.157227515590452e-03
	0.000000000000000e+00
	5.000000000000000e+00
	-8.162779868858664e-03
	8.162779868856163e-03
	0.000000000000000e+00
8		3.894998034676159e-12
	5.001678390837088e+00
	1.947499017338079e+00
	3.243054208027344e-03
	0.000000000000000e+00
	5.000000000000000e+00
	-3.313035667109233e-03
	3.313035667106945e-03
	0.000000000000000e+00
9		5.507711738829723e-12
	5.001937742918596e+00
	2.753855869414861e+00
	5.492599238113455e-03
	0.000000000000000e+00
	5.000000000000000e+00
	-8.167653297345064e-03
	8.167653297345367e-03
	0.000000000000000e+00
10		8.733139147136853e-12
	5.000839611703118e+00
	4.366569573568427e+00
	1.039521113788543e-02
	0.000000000000000e+00
	5.000000000000000e+00
	-3.311331694433900e-03
	3.311331694433761e-03
	0.000000000000000e+00
11		1.000000000000000e-11
	4.999739738049037e+00
	5.000000000000000e+00
	1.248768006395006e-02
	0.000000000000000e+00
	5.000000000000000e+00
	-8.165859415468268e-03
	8.165859415469434e-03
	0.000000000000000e+00
12		1.035426342267079e-11
	4.999208853310732e+00
	5.000000000000000e+00
	1.262017567115566e-02
	0.000000000000000e+00
	5.000000000000000e+00
	2.546994589108093e-06
	-2.546994590346685e-06
	0.000000000000000e+00
13		1.106279026801238e-11
	4.998147078687384e+00
	5.000000000000000e+00
	1.288516817006451e-02
	0.000000000000000e+00
	5.000000000000000e+00
	2.547019281240112e-06
	-2.547019281706753e-06
	0.000000000000000e+00
14		1.247984395869554e-11
	4.996023804892882e+00
	5.000000000000000e+00
	1.341508441533297e-02
	0.000000000000000e+00
	5.000000000000000e+00
	2.546370769298915e-06
	-2.546370769351824e-06
	0.000000000000000e+00
15		1.531395134006188e-11
	4.991778970234820e+00
	5.000000000000000e+00
	1.447448974468094e-02
	0.000000000000000e+00
	5.000000000000000e+00
	2.543994570401546e-06
	-2.543994571002628e-06
	0.000000000000000e+00
16		2.098216610279454e-11
	4.983296143159682e+00
	5.000000000000000e+00
	1.659159526920055e-02
	0.000000000000000e+00
	5.000000000000000e+00
	2.538712538987511e-06
	-2.538712539301713e-06
	0.000000000000000e+00
17		3.231859562825988e-11
	4.966357800059948e+00
	5.000000000000000e+00
	2.081900135809254e-02
	0.000000000000000e+00
	5.000000000000000e+00
	2.527903118923827e-06
	-2.527903118942909e-06
	0.000000000000000e+00
18		5.499145467919055e-11
	4.932589914793292e+00
	5.000000000000000e+00
	2.924670536458165e-02
	0.000000000000000e+00
	5.000000000000000e+00
	2.506229028089617e-06
	-2.506229028031992e-06
	0.000000000000000e+00
19		1.003371727810519e-10
	4.865486576947474e+00
	5.000000000000000e+00
	4.599402705609303e-02
	0.000000000000000e+00
	5.000000000000000e+00
	2.524048322852913e-06
	-2.524048322904981e-06
	0.000000000000000e+00
20		1.910286089847746e-10
	4.732980670041825e+00
	5.000000000000000e+00
	7.906420091389875e-02
	0.000000000000000e+00
	5.000000000000000e+00
	2.442481538325437e-06
	-2.442481538328378e-06
	0.000000000000000e+00
21		3.724114813922200e-10
	4.474560384484500e+00
	5.000000000000000e+00
	1.435594673631430e-01
	0.000000000000000e+00
	5.000000000000000e+00
	2.400517898366212e-06
	-2.400517898369647e-06
	0.000000000000000e+00
22		5.724114813922200e-10
	4.199404088234739e+00
	5.000000000000000e+00
	2.122316252172612e-01
	0.000000000000000e+00
	5.000000000000000e+00
	2.276117913548456e-06
	-2.276117913549425e-06
	0.000000000000000e+00
23		7.724114813922200e-10
	3.933994007263446e+00
	5.000000000000000e+00
	2.784713705029994e-01
	0.000000000000000e+00
	5.000000000000000e+00
	2.234868411377408e-06
	-2.234868411367386e-06
	0.000000000000000e+00
24		9.724114813922200e-10
	3.677824567960650e+00
	5.000000000000000e+00
	3.424048818004818e-01
	0.000000000000000e+00
	5.000000000000000e+00
	2.119061301534654e-06
	-2.119061301521230e-06
	0.000000000000000e+00
25		1.172411481392220e-09
	3.430428035813728e+00
	5.000000000000000e+00
	4.041488939936274e-01
	0.000000000000000e+00
	5.000000000000000e+00
	2.085761550119093e-06
	-2.085761550120468e-06
	0.000000000000000e+00
26		1.372411481392220e-09
	3.191370377686813e+00
	5.000000000000000e+00
	4.638117309421463e-01
	0.000000000000000e+00
	5.000000000000000e+00
	1.977331392705806e-06
	-1.977331392712112e-06
	0.000000000000000e+00
27		1.572411481392220e-09
	2.960248036431076e+00
	5.000000000000000e+00
	5.214941104584789e-01
	0.000000000000000e+00
	5.000000000000000e+00
	1.950890615048778e-06
	-1.950890615040612e-06
	0.000000000000000e+00
28		1.772411481392220e-09
	2.736685181731617e+00
	5.000000000000000e+00
	5.772898304279350e-01
	0.000000000000000e+00
	5.000000000000000e+00
	1.848848178122206e-06
	-1.848848178120227e-06
	0.000000000000000e+00
29		1.972411481392220e-09
	2.520331279365692e+00
	5.000000000000000e+00
	6.312863754612963e-01
	0.000000000000000e+00
	5.000000000000000e+00
	1.828365181268803e-06
	-1.828365181266028e-06
	0.000000000000000e+00
30		2.172411481392220e-09
	2.310858938917037e+00
	5.000000000000000e+00
	6.835654540517119e-01
	0.000000000000000e+00
	5.000000000000000e+00
	1.731887166331457e-06
	-1.731887166334795e-06
	0.000000000000000e+00
31		2.372411481392220e-09
	2.108144137253005e+00
	5.000000000000000e+00
	7.341592770449759e-01
	0.000000000000000e+00
	5.000000000000000e+00
	1.663201650015134e-06
	-1.663201650008161e-06
	0.000000000000000e+00
32		2.572411481392220e-09
	1.923730559048462e+00
	5.000000000000000e+00
	7.802449823426341e-01
	0.000000000000000e+00
	5.000000000000000e+00
	-9.556392015776138e-07
	9.556392015740156e-07
	0.000000000000000e+00
33		2.772411481392220e-09
	1.767367820753380e+00
	5.000000000000000e+00
	8.193993432585163e-01
	0.000000000000000e+00
	5.000000000000000e+00
	-1.591421819236189e-06
	1.591421819231026e-06
	0.000000000000000e+00
34		2.972411481392220e-09
	1.635683537984398e+00
	5.000000000000000e+00
	8.524145753810605e-01
	0.000000000000000e+00
	5.000000000000000e+00
	-2.175042429705662e-06
	2.175042429702206e-06
	0.000000000000000e+00
35		3.172411481392220e-09
	1.525442826479251e+00
	5.000000000000000e+00
	8.800765544995598e-01
	0.000000000000000e+00
	5.000000000000000e+00
	-1.897014044450104e-06
	1.897014044453804e-06
	0.000000000000000e+00
36		3.372411481392221e-09
	1.433620795718831e+00
	5.000000000000000e+00
	9.031302047284031e-01
	0.000000000000000e+00
	5.000000000000000e+00
	-2.028694080880120e-06
	2.028694080875512e-06
	0.000000000000000e+00
37		3.572411481392221e-09
	1.357465775514195e+00
	5.000000000000000e+00
	9.222583508312527e-01
	0.000000000000000e+00
	5.000000000000000e+00
	-1.546954388111145e-06
	1.546954388120456e-06
	0.000000000000000e+00
38		3.772411481392221e-09
	1.294529012287575e+00
	5.000000000000000e+00
	9.380713127404586e-01
	0.000000000000000e+00
	5.000000000000000e+00
	-1.603895970867910e-06
	1.603895970871475e-06
	0.000000000000000e+00
39		3.972411481392221e-09
	1.242669502216676e+00
	5.000000000000000e+00
	9.511041459484643e-01
	0.000000000000000e+00
	5.000000000000000e+00
	-1.114337778129770e-06
	1.114337778124891e-06
	0.000000000000000e+00
40		4.172411481392221e-09
	1.200041610665067e+00
	5.000000000000000e+00
	9.618189004780824e-01
	0.000000000000000e+00
	5.000000000000000e+00
	-1.196933930181339e-06
	1.196933930176433e-06
	0.000000000000000e+00
41		4.372411481392221e-09
	1.165072234049309e+00
	5.000000000000000e+00
	9.706098699114426e-01
	0.000000000000000e+00
	5.000000000000000e+00
	-7.480832057906058e-07
	7.480832057878140e-07
	0.000000000000000e+00
42		4.572411481392221e-09
	1.136432673542669e+00
	5.000000000000000e+00
	9.778103695605589e-01
	0.000000000000000e+00
	5.000000000000000e+00
	-8.763035855670548e-07
	8.763035855598178e-07
	0.000000000000000e+00
43		4.772411481392222e-09
	1.113008821050488e+00
	5.000000000000000e+00
	9.837000539358267e-01
	0.000000000000000e+00
	5.000000000000000e+00
	-4.725523423926130e-07
	4.725523423884659e-07
	0.000000000000000e+00
44		4.972411481392222e-09
	1.093871974988024e+00
	5.000000000000000e+00
	9.885121441375080e-01
	0.000000000000000e+00
	5.000000000000000e+00
	-6.426008950974181e-07
	6.426008950875112e-07
	0.000000000000000e+00
45		5.172411481392222e-09
	1.078251647226460e+00
	5.000000000000000e+00
	9.924401960871909e-01
	0.000000000000000e+00
	5.000000000000000e+00
	-2.762052353837504e-07
	2.762052353881550e-07
	0.000000000000000e+00
46		5.372411481392222e-09
	1.065511054262803e+00
	5.000000000000000e+00
	9.956442194857501e-01
	0.000000000000000e+00
	5.000000000000000e+00
	-4.788067997792247e-07
	4.788067997779644e-07
	0.000000000000000e+00
47		5.572411481392222e-09
	1.055125543939892e+00
	5.000000000000000e+00
	9.982560746996119e-01
	0.000000000000000e+00
	5.000000000000000e+00
	-1.403042309368791e-07
	1.403042309399555e-07
	0.000000000000000e+00
48		5.772411481392222e-09
	1.046663933949496e+00
	5.000000000000000e+00
	1.000384147627776e+00
	0.000000000000000e+00
	5.000000000000000e+00
	-3.665186774595193e-07
	3.665186774654688e-07
	0.000000000000000e+00
49		5.972411481392222e-09
	1.039772579834784e+00
	5.000000000000000e+00
	1.002117344681327e+00
	0.000000000000000e+00
	5.000000000000000e+00
	-4.782798730414812e-08
	4.782798730847138e-08
	0.000000000000000e+00
50		6.172411481392222e-09
	1.034161909798336e+00
	5.000000000000000e+00
	1.003528471591546e+00
	0.000000000000000e+00
	5.000000000000000e+00
	-2.905537139004404e-07
	2.905537138941927e-07
	0.000000000000000e+00
51		6.372411481392223e-09
	1.029595133313629e+00
	5.000000000000000e+00
	1.004677068235319e+00
	0.000000000000000e+00
	5.000000000000000e+00
	1.444716371328762e-08
	-1.444716369453092e-08
	0.000000000000000e+00
52		6.572411481392223e-09
	1.025878830761518e+00
	5.000000000000000e+00
	1.005611772147208e+00
	0.000000000000000e+00
	5.000000000000000e+00
	-2.395837558568135e-07
	2.395837558483160e-07
	0.000000000000000e+00
53		6.772411481392223e-09
	1.022855148862879e+00
	5.000000000000000e+00
	1.006372279316002e+00
	0.000000000000000e+00
	5.000000000000000e+00
	5.611035973357307e-08
	-5.611035973004941e-08
	0.000000000000000e+00
54		6.972411481392223e-09
	1.020395352939786e+00
	5.000000000000000e+00
	1.006990964478368e+00
	0.000000000000000e+00
	5.000000000000000e+00
	-2.055632485016340e-07
	2.055632484961045e-07
	0.000000000000000e+00
55		7.172411481392223e-09
	1.018394516596797e+00
	5.000000000000000e+00
	1.007494215829599e+00
	0.000000000000000e+00
	5.000000000000000e+00
	8.386700874724561e-08
	-8.386700874052355e-08
	0.000000000000000e+00
56		7.372411481392223e-09
	1.016767149705733e+00
	5.000000000000000e+00
	1.007903531411493e+00
	0.000000000000000e+00
	5.000000000000000e+00
	-1.828269905445050e-07
	1.828269905364277e-07
	0.000000000000000e+00
57		7.572411481392223e-09
	1.015443644670073e+00
	5.000000000000000e+00
	1.008236418785009e+00
	0.000000000000000e+00
	5.000000000000000e+00
	1.023767929307255e-07
	-1.023767929181352e-07
	0.000000000000000e+00
58		7.772411481392224e-09
	1.014367341517578e+00
	5.000000000000000e+00
	1.008507131623053e+00
	0.000000000000000e+00
	5.000000000000000e+00
	-1.678644008177427e-07
	1.678644008136498e-07
	0.000000000000000e+00
59		7.972411481392224e-09
	1.013492112151802e+00
	5.000000000000000e+00
	1.008727271208449e+00
	0.000000000000000e+00
	5.000000000000000e+00
	1.145690336832705e-07
	-1.145690336872007e-07
	0.000000000000000e+00
60		8.172411481392224e-09
	1.012780421165650e+00
	5.000000000000000e+00
	1.008906277934965e+00
	0.000000000000000e+00
	5.000000000000000e+00
	-1.579338402588293e-07
	1.579338402522834e-07
	0.000000000000000e+00
61		8.372411481392224e-09
	1.012201730241900e+00
	5.000000000000000e+00
	1.009051832505443e+00
	0.000000000000000e+00
	5.000000000000000e+00
	1.226546525648337e-07
	-1.226546525595618e-07
	0.000000000000000e+00
62		8.572411481392224e-09
	1.011731197135765e+00
	5.000000000000000e+00
	1.009170183081830e+00
	0.000000000000000e+00
	5.000000000000000e+00
	-1.513522516676462e-07
	1.513522516673887e-07
	0.000000000000000e+00
63		8.772411481392224e-09
	1.011348615433884e+00
	5.000000000000000e+00
	1.009266411904469e+00
	0.000000000000000e+00
	5.000000000000000e+00
	1.280107608135010e-07
	-1.280107608057218e-07
	0.000000000000000e+00
64		8.972411481392224e-09
	1.011037550914386e+00
	5.000000000000000e+00
	1.009344652481377e+00
	0.000000000000000e+00
	5.000000000000000e+00
	-1.469942455523517e-07
	1.469942455447487e-07
	0.000000000000000e+00
65		9.172411481392225e-09
	1.010784638306145e+00
	5.000000000000000e+00
	1.009408266446281e+00
	0.000000000000000e+00
	5.000000000000000e+00
	1.315561289921575e-07
	-1.315561289974565e-07
	0.000000000000000e+00
66		9.372411481392225e-09
	1.010579008824939e+00
	5.000000000000000e+00
	1.009459987531618e+00
	0.000000000000000e+00
	5.000000000000000e+00
	-1.441103327623125e-07
	1.441103327590870e-07
	0.000000000000000e+00
67		9.572411481392225e-09
	1.010411824277725e+00
	5.000000000000000e+00
	1.009502038742636e+00
	0.000000000000000e+00
	5.000000000000000e+00
	1.339017622249033e-07
	-1.339017622215694e-07
	0.000000000000000e+00
68		9.772411481392225e-09
	1.010275897969906e+00
	5.000000000000000e+00
	1.009536227702054e+00
	0.000000000000000e+00
	5.000000000000000e+00
	-1.422026623681152e-07
	1.422026623745798e-07
	0.000000000000000e+00
69		9.972411481392225e-09
	1.010165386291396e+00
	5.000000000000000e+00
	1.009564024219636e+00
	0.000000000000000e+00
	5.000000000000000e+00
	1.354531428106803e-07
	-1.354531428080646e-07
	0.000000000000000e+00
70		1.000000000000000e-08
	1.010151905933251e+00
	5.000000000000000e+00
	1.009567414874703e+00
	0.000000000000000e+00
	5.000000000000000e+00
	-1.414222479947588e-07
	1.414222480372596e-07
	0.000000000000000e+00
