case MODULE: return "MODULE";
case ENDMODULE: return "ENDMODULE";
case ASSIGN: return "ASSIGN";
case INPUT: return "INPUT";
case OUTPUT: return "OUTPUT";
case INOUT: return "INOUT";
case WIRE: return "WIRE";
case TRI: return "TRI";
case REG: return "REG";
case SUPPLY0: return "SUPPLY0";
case SUPPLY1: return "SUPPLY1";
case BIN_RADIX: return "BIN_RADIX";
case HEX_RADIX: return "HEX_RADIX";
case DEC_RADIX: return "DEC_RADIX";
case OCT_RADIX: return "OCT_RADIX";
case NUMBER: return "NUMBER";
case BEGIN: return "BEGIN";
case END: return "END";
case ALWAYS: return "ALWAYS";
case INITIAL: return "INITIAL";
case POSEDGE: return "POSEDGE";
case NEGEDGE: return "NEGEDGE";
case SENS_OR: return "SENS_OR";
case IF: return "IF";
case ELSE: return "ELSE";
case CASE: return "CASE";
case CASEX: return "CASEX";
case CASEZ: return "CASEZ";
case DEFAULT: return "DEFAULT";
case ENDCASE: return "ENDCASE";
case FOREVER: return "FOREVER";
case WAIT: return "WAIT";
case WHILE: return "WHILE";
case FUNCTION: return "FUNCTION";
case ENDFUNCTION: return "ENDFUNCTION";
case TASK: return "TASK";
case ENDTASK: return "ENDTASK";
case SHR: return "SHR";
case SHL: return "SHL";
case COND: return "COND";
case UNARY_START: return "UNARY_START";
case BITNOT: return "BITNOT";
case LOGNOT: return "LOGNOT";
case AND_REDUCE: return "AND_REDUCE";
case NAND_REDUCE: return "NAND_REDUCE";
case OR_REDUCE: return "OR_REDUCE";
case NOR_REDUCE: return "NOR_REDUCE";
case XOR_REDUCE: return "XOR_REDUCE";
case XNOR_REDUCE: return "XNOR_REDUCE";
case UNARY_END: return "UNARY_END";
case BINARY_START: return "BINARY_START";
case AND: return "AND";
case OR: return "OR";
case XOR: return "XOR";
case NAND: return "NAND";
case NOR: return "NOR";
case XNOR: return "XNOR";
case XORN: return "XORN";
case ANDAND: return "ANDAND";
case OROR: return "OROR";
case ADD: return "ADD";
case SUB: return "SUB";
case MUL: return "MUL";
case DIV: return "DIV";
case MOD: return "MOD";
case GT: return "GT";
case GEQ: return "GEQ";
case LT: return "LT";
case LEQ: return "LEQ";
case EQ2: return "EQ2";
case EQ3: return "EQ3";
case NEQ: return "NEQ";
case NEQ2: return "NEQ2";
case BINARY_END: return "BINARY_END";
case ID: return "ID";
case CONCAT: return "CONCAT";
case REPEAT_CONCAT: return "REPEAT_CONCAT";
case REF: return "REF";
case BIT: return "BIT";
case VARBIT: return "VARBIT";
case SLICE: return "SLICE";
case BLOCK: return "BLOCK";
case LIST: return "LIST";
case CASE_ITEM: return "CASE_ITEM";
case POS: return "POS";
case NEG: return "NEG";
case BLOCK_ASSIGN: return "BLOCK_ASSIGN";
case NONBLOCK_ASSIGN: return "NONBLOCK_ASSIGN";
case DELAY: return "DELAY";
case INSTANCE: return "INSTANCE";
case PIN: return "PIN";
case PARAMS: return "PARAMS";
case FUNCALL: return "FUNCALL";
case CALL: return "CALL";
case VARSHL: return "VARSHL";
case VARSHR: return "VARSHR";
case VERILOG_NUMBER: return "VERILOG_NUMBER";
case PARALLEL_CASE: return "PARALLEL_CASE";
case FULL_CASE: return "FULL_CASE";
case INFER_MUX: return "INFER_MUX";
case WAND: return "WAND";
case WOR: return "WOR";
case TRIREG: return "TRIREG";
