This file contains any messages produced by compilers while
running configure, to aid debugging if configure makes a mistake.

configure:1271: gcc -o conftest -g -O   conftest.c  1>&5
configure:1756: gcc -o conftest -g -O   conftest.c  1>&5
configure:1861: gcc -c -g -O  conftest.c 1>&5
configure:2085: gcc -c -g -O  conftest.c 1>&5
configure: In function `t':
configure:2081: structure has no member named `tm_tzadj'
configure:2109: gcc -c -g -O  conftest.c 1>&5
configure: In function `t':
configure:2105: structure has no member named `tm_gmtoff'
configure:2140: gcc -c -g -O  conftest.c 1>&5
configure:2257: gcc -o conftest -g -O   conftest.c  1>&5
configure:2343: gcc -o conftest -g -O   conftest.c  1>&5
configure:2426: gcc -o conftest -g -O   conftest.c  1>&5
configure:2512: gcc -o conftest -g -O   conftest.c  1>&5
configure:2840: gcc -o conftest -g -O   conftest.c  1>&5
configure: In function `t':
configure:2834: invalid operands to binary &
configure:2876: gcc -c -g -O  conftest.c 1>&5
configure:3020: gcc -o conftest -g -O   conftest.c  1>&5
configure: In function `main':
configure:3006: warning: passing arg 2 of `signal' from incompatible pointer type
configure:3456: gcc -c -g -O  conftest.c 1>&5
