This file contains any messages produced by compilers while
running configure, to aid debugging if configure makes a mistake.

configure:1271: cc -o conftest    conftest.c  1>&5
configure:1756: cc -o conftest    conftest.c  1>&5
configure:1861: cc -c   conftest.c 1>&5
configure:2085: cc -c   conftest.c 1>&5
configure: In function `t':
configure:2081: structure has no member named `tm_tzadj'
configure:2109: cc -c   conftest.c 1>&5
configure:2140: cc -c   conftest.c 1>&5
configure:2257: cc -o conftest    conftest.c  1>&5
configure:2343: cc -o conftest    conftest.c  1>&5
configure:2426: cc -o conftest    conftest.c  1>&5
configure:2512: cc -o conftest    conftest.c  1>&5
configure:2840: cc -o conftest    conftest.c  1>&5
configure:2876: cc -c   conftest.c 1>&5
configure:3020: cc -o conftest    conftest.c  1>&5
configure: In function `main':
configure:3006: warning: passing arg 2 of `signal' from incompatible pointer type
configure:3456: cc -c   conftest.c 1>&5
